// Jest Snapshot v1, https://goo.gl/fbAQLP

exports[`JaiminisBox getSeries returns series metadata 1`] = `
Object {
  "author": "MIZUSHINA Takayuki",
  "coverImageUrl": "https://i0.wp.com/jaiminisbox.com/reader/content/comics/itoshi-no-muco_586c3e495e85d/thumb_mucothumbnailresized.jpg",
  "description": "The happy daily life of Muco, a not-too-bright Akita dog, and his owner Komatsu-san the glass-blower. Based on a real dog of the same name. (Mangaupdates)
",
  "id": "jaiminis-box:itoshi-no-muco",
  "site": Object {
    "id": "jaiminis-box",
    "name": "Jaiminiâ€™s Box",
  },
  "slug": "itoshi-no-muco",
  "status": "UNKNOWN",
  "supportsReading": true,
  "title": "Itoshi no Muco",
  "updatedAt": Any<Number>,
  "url": "http://localhost:57154/reader/series/itoshi-no-muco",
}
`;

exports[`JaiminisBox getSeries returns series metadata 2`] = `
Array [
  Object {
    "chapterNumber": "8",
    "createdAt": 1487750400,
    "id": "jaiminis-box:itoshi-no-muco:en/0/8",
    "order": 4,
    "slug": "en/0/8",
    "title": "Friend!",
    "url": "https://jaiminisbox.com/reader/read/itoshi-no-muco/en/0/8/",
    "volumeNumber": "0",
  },
  Object {
    "chapterNumber": "4",
    "createdAt": 1483516800,
    "id": "jaiminis-box:itoshi-no-muco:en/0/4",
    "order": 0,
    "slug": "en/0/4",
    "title": "Walk!",
    "url": "https://jaiminisbox.com/reader/read/itoshi-no-muco/en/0/4/",
    "volumeNumber": "0",
  },
]
`;

exports[`JaiminisBox getSeries returns sub-chapter metadata 1`] = `
Array [
  Object {
    "chapterNumber": "101.1",
    "createdAt": 1532502000,
    "id": "jaiminis-box:kaguya-wants-to-be-confessed-to:en/0/101/1",
    "order": 13,
    "slug": "en/0/101/1",
    "title": "Vol 10 Extras",
    "url": "https://jaiminisbox.com/reader/read/kaguya-wants-to-be-confessed-to/en/0/101/1/",
    "volumeNumber": "0",
  },
  Object {
    "chapterNumber": "101",
    "createdAt": 1521270000,
    "id": "jaiminis-box:kaguya-wants-to-be-confessed-to:en/0/101",
    "order": 12,
    "slug": "en/0/101",
    "title": "The Student Council Wants to be Photographed",
    "url": "https://jaiminisbox.com/reader/read/kaguya-wants-to-be-confessed-to/en/0/101/",
    "volumeNumber": "0",
  },
]
`;
