// Jest Snapshot v1, https://goo.gl/fbAQLP

exports[`KireiCake getSeries returns a metadata object 1`] = `
Object {
  "author": "TAKEOKA Hazuki, Tiv",
  "coverImageUrl": undefined,
  "description": "Makabe Masamune has changed himself greatly for a single reason: he wants revenge. Contrary to his past, he has worked hard to become good-looking in order to carry out this goal. Faster than anticipated, he even meets the target of his revenge the first day after transferring in.. Adagaki Aki! He wastes no time beginning his plan, but revenge doesn't come easily.",
  "id": "kirei-cake:masamunekuns_revenge",
  "publicationStatus": "UNKNOWN",
  "site": Object {
    "id": "kirei-cake",
    "name": "Kirei Cake",
  },
  "slug": "masamunekuns_revenge",
  "supportsReading": true,
  "title": "Masamune-kun's Revenge",
  "updatedAt": Any<Number>,
  "url": "http://localhost:57156/series/masamunekuns_revenge",
}
`;

exports[`KireiCake getSeries returns a metadata object 2`] = `
Array [
  Object {
    "chapterNumber": "47",
    "createdAt": 1525765063,
    "id": "kirei-cake:masamunekuns_revenge:en/0/47",
    "slug": "en/0/47",
    "title": undefined,
    "url": "http://localhost:57156/read/masamunekuns_revenge/en/0/47/page/1",
    "volumeNumber": "0",
  },
]
`;
