// Jest Snapshot v1, https://goo.gl/fbAQLP

exports[`MangaUpdates getSeries returns a metadata object 1`] = `
Object {
  "artist": "Akitaka",
  "author": "Akitaka",
  "coverImageUrl": "https://www.mangaupdates.com/image/i276561.jpg",
  "description": "The Twelve City, a land governed by the leaders of the families who bear in their names the Chinese zodiac. In a city where youkai and humans coexist, the cat youkai who holds a grudge against the Rat Family appears in front of Nekuni Kyouichi, the head of the Rat Family. It's a malice-covered Hateful cat who is aiming for his life. But that youkai is Nekogasaki Natsuho, who's also extremely anxious around other people... Just like the saying \\"Curiosity killed the cat\\" goes, will these feelings also kill the cat?",
  "id": "manga-updates:111976",
  "publicationStatus": "ONGOING",
  "site": Object {
    "id": "manga-updates",
    "name": "MangaUpdates",
  },
  "slug": "111976",
  "supportsReading": false,
  "title": "Urami Koi, Koi, Urami Koi.",
  "updatedAt": Any<Number>,
  "url": "http://localhost:57161/series.html?id=111976",
}
`;
